Hello world!Hello world!Hello world!Hello world!